Executing action: monitor
Serial port COM3
Connecting..........
Detecting chip type... ESP32
--- Warning: GDB cannot open serial ports accessed as COMx
--- Using \\.\COM3 instead...
--- esp-idf-monitor 1.8.0 on \\.\COM3 115200
--- Quit: Ctrl+] | Menu: Ctrl+T | Help: Ctrl+T followed by Ctrl+H
Running idf_monitor in directory C:\Users\doise\Desktop\67030043_Week12\043_Week-12-FreeRTOS_Worksheets\hello_esp32
Executing "C:\Users\doise\.espressif\python_env\idf5.5_py3.11_env\Scripts\python.exe C:\Users\doise\esp\v5.5.1\esp-idf\tools/idf_monitor.py -p COM3 -b 115200 --toolchain-prefix xtensa-esp32-elf- --target esp32 --revision 0 C:\Users\doise\Desktop\67030043_Week12\043_Week-12-FreeRTOS_Worksheets\hello_esp32\build\hello_esp32.elf C:\Users\doise\Desktop\67030043_Week12\043_Week-12-FreeRTOS_Worksheets\hello_esp32\build\bootloader\bootloader.elf --force-color -m 'C:\Users\doise\.espressif\python_env\idf5.5_py3.11_env\Scripts\python.exe' 'C:\Users\doise\esp\v5.5.1\esp-idf\tools\idf.py'"...
eets Jul 29 2019 12:21:46

rst:0x1 (POWERON_RESET),boot:0x13 (SPI_FAST_FLASH_BOOT)
configsip: 0, SPIWP:0xee
clk_drv:0x00,q_drv:0x00,d_drv:0x00,cs0_drv:0x00,hd_drv:0x00,wp_drv:0x00
mode:DIO, clock div:2
load:0x3fff0030,len:6380
ho 0 tail 12 room 4
load:0x40078000,len:15916
load:0x40080400,len:3860
--- 0x40080400: _invalid_pc_placeholder at C:/Users/doise/esp/v5.5.1/esp-idf/components/xtensa/xtensa_vectors.S:2235
entry 0x40080638
--- 0x40080638: call_start_cpu0 at C:/Users/doise/esp/v5.5.1/esp-idf/components/bootloader/subproject/main/bootloader_start.c:25
I (29) boot: ESP-IDF v5.5.1 2nd stage bootloader
I (29) boot: compile time Oct  1 2025 12:51:33
I (29) boot: Multicore bootloader
I (31) boot: chip revision: v3.1
I (33) boot.esp32: SPI Speed      : 40MHz
I (37) boot.esp32: SPI Mode       : DIO
I (41) boot.esp32: SPI Flash Size : 2MB
I (44) boot: Enabling RNG early entropy source...
I (49) boot: Partition Table:
I (51) boot: ## Label            Usage          Type ST Offset   Length
I (58) boot:  0 nvs              WiFi data        01 02 00009000 00006000
I (64) boot:  1 phy_init         RF data          01 01 0000f000 00001000
I (71) boot:  2 factory          factory app      00 00 00010000 00100000
I (77) boot: End of partition table
I (81) esp_image: segment 0: paddr=00010020 vaddr=3f400020 size=09aa8h ( 39592) map
I (102) esp_image: segment 1: paddr=00019ad0 vaddr=3ffb0000 size=023d8h (  9176) load
I (105) esp_image: segment 2: paddr=0001beb0 vaddr=40080000 size=04168h ( 16744) load
I (112) esp_image: segment 3: paddr=00020020 vaddr=400d0020 size=13628h ( 79400) map
I (140) esp_image: segment 4: paddr=00033650 vaddr=40084168 size=08e48h ( 36424) load
I (155) esp_image: segment 5: paddr=0003c4a0 vaddr=50000000 size=00020h (    32) load
I (161) boot: Loaded app from partition at offset 0x10000
I (161) boot: Disabling RNG early entropy source...
I (173) cpu_start: Multicore app
I (181) cpu_start: Pro cpu start user code
I (181) cpu_start: cpu freq: 160000000 Hz
I (181) app_init: Application information:
I (181) app_init: Project name:     hello_esp32
I (185) app_init: App version:      813e069
I (189) app_init: Compile time:     Oct  1 2025 12:59:46
I (194) app_init: ELF file SHA256:  8d4bf0861...
I (199) app_init: ESP-IDF:          v5.5.1
I (202) efuse_init: Min chip rev:     v0.0
I (206) efuse_init: Max chip rev:     v3.99 
I (210) efuse_init: Chip rev:         v3.1
I (214) heap_init: Initializing. RAM available for dynamic allocation:
I (221) heap_init: At 3FFAE6E0 len 00001920 (6 KiB): DRAM
I (225) heap_init: At 3FFB2CA0 len 0002D360 (180 KiB): DRAM
I (231) heap_init: At 3FFE0440 len 00003AE0 (14 KiB): D/IRAM
I (236) heap_init: At 3FFE4350 len 0001BCB0 (111 KiB): D/IRAM
I (242) heap_init: At 4008CFB0 len 00013050 (76 KiB): IRAM
W (248) spi_flash: Detected boya flash chip but using generic driver. For optimal functionality, enable `SPI_FLASH_SUPPORT_BOYA_CHIP` in menuconfig
I (260) spi_flash: detected chip: generic
I (264) spi_flash: flash io: dio
W (266) spi_flash: Detected size(4096k) larger than the size in the binary image header(2048k). Using the size in the binary image header.
I (279) main_task: Started on CPU0
I (289) main_task: Calling app_main()
=== Hello ESP32 v1.0.0 ===
Built on: Oct  1 2025 13:26:33
ESP-IDF Version: v5.5.1
Chip: esp32
Free heap: 305156 bytes
System is running...
System is running...
System is running...
System is running...
System is running...
System is running...
System is running...
System is running...
System is running...
System is running...
System is running...
System is running...
System is running...
System is running...
System is running...
System is running...
System is running...
System is running...
System is running...
System is running...
System is running...
System is running...
System is running...
System is running...
System is running...
System is running...
System is running...
System is running...
System is running...
System is running...
System is running...
System is running...
System is running...
System is running...
System is running...
System is running...
System is running...
System is running...
System is running...
System is running...
System is running...
System is running...
System is running...
System is running...
System is running...
System is running...
System is running...
System is running...
System is running...
System is running...
System is running...
System is running...
System is running...
System is running...
System is running...
System is running...
System is running...
System is running...
System is running...
System is running...
System is running...
System is running...
System is running...
System is running...
System is running...
System is running...
System is running...
System is running...
System is running...
System is running...
System is running...
System is running...
System is running...
System is running...
System is running...
Traceback (most recent call last):
  File "C:\Users\doise\esp\v5.5.1\esp-idf\tools\idf.py", line 871, in <module>
    main()
  File "C:\Users\doise\esp\v5.5.1\esp-idf\tools\idf.py", line 761, in main
    cli(argv, prog_name=PROG, complete_var=SHELL_COMPLETE_VAR)
  File "C:\Users\doise\.espressif\python_env\idf5.5_py3.11_env\Lib\site-packages\click\core.py", line 1161, in __call__
    return self.main(*args, **kwargs)
           ^^^^^^^^^^^^^^^^^^^^^^^^^^
  File "C:\Users\doise\.espressif\python_env\idf5.5_py3.11_env\Lib\site-packages\click\core.py", line 1082, in main
    rv = self.invoke(ctx)
         ^^^^^^^^^^^^^^^^
  File "C:\Users\doise\.espressif\python_env\idf5.5_py3.11_env\Lib\site-packages\click\core.py", line 1729, in invoke
    return _process_result(rv)
           ^^^^^^^^^^^^^^^^^^^
  File "C:\Users\doise\.espressif\python_env\idf5.5_py3.11_env\Lib\site-packages\click\core.py", line 1666, in _process_result
    value = ctx.invoke(self._result_callback, value, **ctx.params)
            ^^^^^^^^^^^^^^^^^^^^^^^^^^^^^^^^^^^^^^^^^^^^^^^^^^^^^^
  File "C:\Users\doise\.espressif\python_env\idf5.5_py3.11_env\Lib\site-packages\click\core.py", line 788, in invoke
    return __callback(*args, **kwargs)
           ^^^^^^^^^^^^^^^^^^^^^^^^^^^
  File "C:\Users\doise\esp\v5.5.1\esp-idf\tools\idf.py", line 656, in execute_tasks
    task(ctx, global_args, task.action_args)
  File "C:\Users\doise\esp\v5.5.1\esp-idf\tools\idf.py", line 214, in __call__
    self.callback(self.name, context, global_args, **action_args)
  File "C:\Users\doise\esp\v5.5.1\esp-idf\tools\idf_py_actions\serial_ext.py", line 195, in monitor
    RunTool(
  File "C:\Users\doise\esp\v5.5.1\esp-idf\tools\idf_py_actions\tools.py", line 319, in __call__
    process, stderr_output_file, stdout_output_file = asyncio.run(self.run_command(self.args, env_copy))
                                                      ^^^^^^^^^^^^^^^^^^^^^^^^^^^^^^^^^^^^^^^^^^^^^^^^^^
  File "asyncio\runners.py", line 190, in run
  File "asyncio\runners.py", line 118, in run
  File "asyncio\base_events.py", line 653, in run_until_complete
  File "C:\Users\doise\esp\v5.5.1\esp-idf\tools\idf_py_actions\tools.py", line 364, in run_command
    await asyncio.gather(
  File "C:\Users\doise\esp\v5.5.1\esp-idf\tools\idf_py_actions\tools.py", line 463, in read_and_write_stream
    output_converter.write(output)
  File "C:\Users\doise\.espressif\python_env\idf5.5_py3.11_env\Lib\site-packages\esp_idf_monitor\base\ansi_color_converter.py", line 130, in write
    self._output_write(b)
  File "C:\Users\doise\.espressif\python_env\idf5.5_py3.11_env\Lib\site-packages\esp_idf_monitor\base\ansi_color_converter.py", line 72, in _output_write
    self.output.write(self.decode_buffer.decode())  # type: ignore
    ^^^^^^^^^^^^^^^^^^^^^^^^^^^^^^^^^^^^^^^^^^^^^^
  File "encodings\cp1252.py", line 19, in encode
UnicodeEncodeError: 'charmap' codec can't encode character '\ufffd' in position 0: character maps to <undefined>
Exception ignored in: <function BaseSubprocessTransport.__del__ at 0x0000015926EF2CA0>
Traceback (most recent call last):
  File "asyncio\base_subprocess.py", line 126, in __del__
  File "asyncio\base_subprocess.py", line 104, in close
  File "asyncio\proactor_events.py", line 109, in close
  File "asyncio\base_events.py", line 761, in call_soon
  File "asyncio\base_events.py", line 519, in _check_closed
RuntimeError: Event loop is closed
